LD_LIBRARY_PATH set, running RTMPose with GPU...
Hands-forward impact detection


=======================================================
Videos2026-06-09_201015_827.mp4  [face-on]  addr=fr19  top≈fr88
  Running RTMPose...
[0;93m2026-06-09 21:26:12.458161009 [W:onnxruntime:, session_state.cc:1367 VerifyEachNodeIsAssignedToAnEp] Some nodes were not assigned to the preferred execution providers which may or may not have an negative impact on performance. e.g. ORT explicitly assigns shape related ops to CPU to improve perf.[m
[0;93m2026-06-09 21:26:12.458204465 [W:onnxruntime:, session_state.cc:1369 VerifyEachNodeIsAssignedToAnEp] Rerunning with verbose output on a non-minimal build will show node assignments.[m
load /home/jason/.cache/rtmlib/hub/checkpoints/yolox_x_8xb8-300e_humanart-a39d44ed.onnx with onnxruntime backend
[0;93m2026-06-09 21:26:12.697701610 [W:onnxruntime:, session_state.cc:1367 VerifyEachNodeIsAssignedToAnEp] Some nodes were not assigned to the preferred execution providers which may or may not have an negative impact on performance. e.g. ORT explicitly assigns shape related ops to CPU to improve perf.[m
[0;93m2026-06-09 21:26:12.697736209 [W:onnxruntime:, session_state.cc:1369 VerifyEachNodeIsAssignedToAnEp] Rerunning with verbose output on a non-minimal build will show node assignments.[m
load /home/jason/.cache/rtmlib/hub/checkpoints/rtmpose-x_simcc-body7_pt-body7_700e-384x288-71d7b7e9_20230629.onnx with onnxruntime backend
  torso_h=170px  addr_wrist_Y=700
  impact fr154: wrist_Y=698  delta=-1px (-0.01 torso)  prev=fr59  shift=+95
  Saved: -09_201015_827_impact_HANDS_fr154.jpg

=======================================================
Videos2026-06-09_201039_231.mp4  [face-on]  addr=fr80  top≈fr146
  Running RTMPose...
[0;93m2026-06-09 21:26:35.985155045 [W:onnxruntime:, session_state.cc:1367 VerifyEachNodeIsAssignedToAnEp] Some nodes were not assigned to the preferred execution providers which may or may not have an negative impact on performance. e.g. ORT explicitly assigns shape related ops to CPU to improve perf.[m
[0;93m2026-06-09 21:26:35.985199351 [W:onnxruntime:, session_state.cc:1369 VerifyEachNodeIsAssignedToAnEp] Rerunning with verbose output on a non-minimal build will show node assignments.[m
load /home/jason/.cache/rtmlib/hub/checkpoints/yolox_x_8xb8-300e_humanart-a39d44ed.onnx with onnxruntime backend
[0;93m2026-06-09 21:26:36.131048322 [W:onnxruntime:, session_state.cc:1367 VerifyEachNodeIsAssignedToAnEp] Some nodes were not assigned to the preferred execution providers which may or may not have an negative impact on performance. e.g. ORT explicitly assigns shape related ops to CPU to improve perf.[m
[0;93m2026-06-09 21:26:36.131084968 [W:onnxruntime:, session_state.cc:1369 VerifyEachNodeIsAssignedToAnEp] Rerunning with verbose output on a non-minimal build will show node assignments.[m
load /home/jason/.cache/rtmlib/hub/checkpoints/rtmpose-x_simcc-body7_pt-body7_700e-384x288-71d7b7e9_20230629.onnx with onnxruntime backend
  torso_h=211px  addr_wrist_Y=647
  impact fr205: wrist_Y=687  delta=+41px (+0.19 torso)  prev=fr205  shift=+0
  Saved: -09_201039_231_impact_HANDS_fr205.jpg

=======================================================
Videos2026-06-09_201047_915.mp4  [face-on]  addr=fr107  top≈fr171
  Running RTMPose...
[0;93m2026-06-09 21:26:53.482359814 [W:onnxruntime:, session_state.cc:1367 VerifyEachNodeIsAssignedToAnEp] Some nodes were not assigned to the preferred execution providers which may or may not have an negative impact on performance. e.g. ORT explicitly assigns shape related ops to CPU to improve perf.[m
[0;93m2026-06-09 21:26:53.482404383 [W:onnxruntime:, session_state.cc:1369 VerifyEachNodeIsAssignedToAnEp] Rerunning with verbose output on a non-minimal build will show node assignments.[m
load /home/jason/.cache/rtmlib/hub/checkpoints/yolox_x_8xb8-300e_humanart-a39d44ed.onnx with onnxruntime backend
[0;93m2026-06-09 21:26:53.818487667 [W:onnxruntime:, session_state.cc:1367 VerifyEachNodeIsAssignedToAnEp] Some nodes were not assigned to the preferred execution providers which may or may not have an negative impact on performance. e.g. ORT explicitly assigns shape related ops to CPU to improve perf.[m
[0;93m2026-06-09 21:26:53.818532258 [W:onnxruntime:, session_state.cc:1369 VerifyEachNodeIsAssignedToAnEp] Rerunning with verbose output on a non-minimal build will show node assignments.[m
load /home/jason/.cache/rtmlib/hub/checkpoints/rtmpose-x_simcc-body7_pt-body7_700e-384x288-71d7b7e9_20230629.onnx with onnxruntime backend
  torso_h=173px  addr_wrist_Y=676
  impact fr260: wrist_Y=422  delta=-254px (-1.47 torso)  prev=fr277  shift=-17
  Saved: -09_201047_915_impact_HANDS_fr260.jpg

=======================================================
Videos2026-06-09_201054_561.mp4  [down-the-line]  addr=fr90  top≈fr133
  Running RTMPose...
[0;93m2026-06-09 21:27:16.148110196 [W:onnxruntime:, session_state.cc:1367 VerifyEachNodeIsAssignedToAnEp] Some nodes were not assigned to the preferred execution providers which may or may not have an negative impact on performance. e.g. ORT explicitly assigns shape related ops to CPU to improve perf.[m
[0;93m2026-06-09 21:27:16.148151734 [W:onnxruntime:, session_state.cc:1369 VerifyEachNodeIsAssignedToAnEp] Rerunning with verbose output on a non-minimal build will show node assignments.[m
load /home/jason/.cache/rtmlib/hub/checkpoints/yolox_x_8xb8-300e_humanart-a39d44ed.onnx with onnxruntime backend
[0;93m2026-06-09 21:27:16.329003212 [W:onnxruntime:, session_state.cc:1367 VerifyEachNodeIsAssignedToAnEp] Some nodes were not assigned to the preferred execution providers which may or may not have an negative impact on performance. e.g. ORT explicitly assigns shape related ops to CPU to improve perf.[m
[0;93m2026-06-09 21:27:16.329047215 [W:onnxruntime:, session_state.cc:1369 VerifyEachNodeIsAssignedToAnEp] Rerunning with verbose output on a non-minimal build will show node assignments.[m
load /home/jason/.cache/rtmlib/hub/checkpoints/rtmpose-x_simcc-body7_pt-body7_700e-384x288-71d7b7e9_20230629.onnx with onnxruntime backend
  torso_h=214px  addr_wrist_X=281
  impact fr148: wrist_X=323  delta=+42px (+0.20 torso)  prev=fr150  shift=-2
  Saved: -09_201054_561_impact_HANDS_fr148.jpg

=======================================================
Videos2026-06-09_201058_697.mp4  [down-the-line]  addr=fr88  top≈fr137
  Running RTMPose...
[0;93m2026-06-09 21:27:27.735066687 [W:onnxruntime:, session_state.cc:1367 VerifyEachNodeIsAssignedToAnEp] Some nodes were not assigned to the preferred execution providers which may or may not have an negative impact on performance. e.g. ORT explicitly assigns shape related ops to CPU to improve perf.[m
[0;93m2026-06-09 21:27:27.735104148 [W:onnxruntime:, session_state.cc:1369 VerifyEachNodeIsAssignedToAnEp] Rerunning with verbose output on a non-minimal build will show node assignments.[m
load /home/jason/.cache/rtmlib/hub/checkpoints/yolox_x_8xb8-300e_humanart-a39d44ed.onnx with onnxruntime backend
[0;93m2026-06-09 21:27:27.895720422 [W:onnxruntime:, session_state.cc:1367 VerifyEachNodeIsAssignedToAnEp] Some nodes were not assigned to the preferred execution providers which may or may not have an negative impact on performance. e.g. ORT explicitly assigns shape related ops to CPU to improve perf.[m
[0;93m2026-06-09 21:27:27.895761727 [W:onnxruntime:, session_state.cc:1369 VerifyEachNodeIsAssignedToAnEp] Rerunning with verbose output on a non-minimal build will show node assignments.[m
load /home/jason/.cache/rtmlib/hub/checkpoints/rtmpose-x_simcc-body7_pt-body7_700e-384x288-71d7b7e9_20230629.onnx with onnxruntime backend
  torso_h=216px  addr_wrist_X=322
  impact fr186: wrist_X=365  delta=+43px (+0.20 torso)  prev=fr185  shift=+1
  Saved: -09_201058_697_impact_HANDS_fr186.jpg
