LD_LIBRARY_PATH set, running RTMPose with GPU...
Recheck impact frames for face-on videos


=======================================================
Videos2026-06-09_201015_827.mp4  [face-on]
  Running RTMPose...
[0;93m2026-06-09 20:48:25.024057055 [W:onnxruntime:, session_state.cc:1367 VerifyEachNodeIsAssignedToAnEp] Some nodes were not assigned to the preferred execution providers which may or may not have an negative impact on performance. e.g. ORT explicitly assigns shape related ops to CPU to improve perf.[m
[0;93m2026-06-09 20:48:25.024107579 [W:onnxruntime:, session_state.cc:1369 VerifyEachNodeIsAssignedToAnEp] Rerunning with verbose output on a non-minimal build will show node assignments.[m
load /home/jason/.cache/rtmlib/hub/checkpoints/yolox_x_8xb8-300e_humanart-a39d44ed.onnx with onnxruntime backend
[0;93m2026-06-09 20:48:25.275122054 [W:onnxruntime:, session_state.cc:1367 VerifyEachNodeIsAssignedToAnEp] Some nodes were not assigned to the preferred execution providers which may or may not have an negative impact on performance. e.g. ORT explicitly assigns shape related ops to CPU to improve perf.[m
[0;93m2026-06-09 20:48:25.275163456 [W:onnxruntime:, session_state.cc:1369 VerifyEachNodeIsAssignedToAnEp] Rerunning with verbose output on a non-minimal build will show node assignments.[m
load /home/jason/.cache/rtmlib/hub/checkpoints/rtmpose-x_simcc-body7_pt-body7_700e-384x288-71d7b7e9_20230629.onnx with onnxruntime backend
  spd_peak=213  new_impact=268  prev=59  delta=+209
  Saved: -09_201015_827_impact_NEW_fr268.jpg

=======================================================
Videos2026-06-09_201039_231.mp4  [face-on]
  Running RTMPose...
[0;93m2026-06-09 20:48:49.013919439 [W:onnxruntime:, session_state.cc:1367 VerifyEachNodeIsAssignedToAnEp] Some nodes were not assigned to the preferred execution providers which may or may not have an negative impact on performance. e.g. ORT explicitly assigns shape related ops to CPU to improve perf.[m
[0;93m2026-06-09 20:48:49.013959792 [W:onnxruntime:, session_state.cc:1369 VerifyEachNodeIsAssignedToAnEp] Rerunning with verbose output on a non-minimal build will show node assignments.[m
load /home/jason/.cache/rtmlib/hub/checkpoints/yolox_x_8xb8-300e_humanart-a39d44ed.onnx with onnxruntime backend
[0;93m2026-06-09 20:48:49.166329198 [W:onnxruntime:, session_state.cc:1367 VerifyEachNodeIsAssignedToAnEp] Some nodes were not assigned to the preferred execution providers which may or may not have an negative impact on performance. e.g. ORT explicitly assigns shape related ops to CPU to improve perf.[m
[0;93m2026-06-09 20:48:49.166370046 [W:onnxruntime:, session_state.cc:1369 VerifyEachNodeIsAssignedToAnEp] Rerunning with verbose output on a non-minimal build will show node assignments.[m
load /home/jason/.cache/rtmlib/hub/checkpoints/rtmpose-x_simcc-body7_pt-body7_700e-384x288-71d7b7e9_20230629.onnx with onnxruntime backend
  spd_peak=208  new_impact=208  prev=205  delta=+3
  Saved: -09_201039_231_impact_NEW_fr208.jpg

=======================================================
Videos2026-06-09_201047_915.mp4  [face-on]
  Running RTMPose...
[0;93m2026-06-09 20:49:06.436555794 [W:onnxruntime:, session_state.cc:1367 VerifyEachNodeIsAssignedToAnEp] Some nodes were not assigned to the preferred execution providers which may or may not have an negative impact on performance. e.g. ORT explicitly assigns shape related ops to CPU to improve perf.[m
[0;93m2026-06-09 20:49:06.436596594 [W:onnxruntime:, session_state.cc:1369 VerifyEachNodeIsAssignedToAnEp] Rerunning with verbose output on a non-minimal build will show node assignments.[m
load /home/jason/.cache/rtmlib/hub/checkpoints/yolox_x_8xb8-300e_humanart-a39d44ed.onnx with onnxruntime backend
[0;93m2026-06-09 20:49:06.580972141 [W:onnxruntime:, session_state.cc:1367 VerifyEachNodeIsAssignedToAnEp] Some nodes were not assigned to the preferred execution providers which may or may not have an negative impact on performance. e.g. ORT explicitly assigns shape related ops to CPU to improve perf.[m
[0;93m2026-06-09 20:49:06.581010740 [W:onnxruntime:, session_state.cc:1369 VerifyEachNodeIsAssignedToAnEp] Rerunning with verbose output on a non-minimal build will show node assignments.[m
load /home/jason/.cache/rtmlib/hub/checkpoints/rtmpose-x_simcc-body7_pt-body7_700e-384x288-71d7b7e9_20230629.onnx with onnxruntime backend
  spd_peak=282  new_impact=282  prev=277  delta=+5
  Saved: -09_201047_915_impact_NEW_fr282.jpg

=======================================================
Videos2026-06-09_201054_561.mp4  [down-the-line]
  Running RTMPose...
[0;93m2026-06-09 20:49:26.843482912 [W:onnxruntime:, session_state.cc:1367 VerifyEachNodeIsAssignedToAnEp] Some nodes were not assigned to the preferred execution providers which may or may not have an negative impact on performance. e.g. ORT explicitly assigns shape related ops to CPU to improve perf.[m
[0;93m2026-06-09 20:49:26.843525148 [W:onnxruntime:, session_state.cc:1369 VerifyEachNodeIsAssignedToAnEp] Rerunning with verbose output on a non-minimal build will show node assignments.[m
load /home/jason/.cache/rtmlib/hub/checkpoints/yolox_x_8xb8-300e_humanart-a39d44ed.onnx with onnxruntime backend
[0;93m2026-06-09 20:49:26.990369093 [W:onnxruntime:, session_state.cc:1367 VerifyEachNodeIsAssignedToAnEp] Some nodes were not assigned to the preferred execution providers which may or may not have an negative impact on performance. e.g. ORT explicitly assigns shape related ops to CPU to improve perf.[m
[0;93m2026-06-09 20:49:26.990407180 [W:onnxruntime:, session_state.cc:1369 VerifyEachNodeIsAssignedToAnEp] Rerunning with verbose output on a non-minimal build will show node assignments.[m
load /home/jason/.cache/rtmlib/hub/checkpoints/rtmpose-x_simcc-body7_pt-body7_700e-384x288-71d7b7e9_20230629.onnx with onnxruntime backend
  new_impact=150  prev=150  delta=+0
  Saved: -09_201054_561_impact_NEW_fr150.jpg

=======================================================
Videos2026-06-09_201058_697.mp4  [down-the-line]
  Running RTMPose...
[0;93m2026-06-09 20:49:38.309254982 [W:onnxruntime:, session_state.cc:1367 VerifyEachNodeIsAssignedToAnEp] Some nodes were not assigned to the preferred execution providers which may or may not have an negative impact on performance. e.g. ORT explicitly assigns shape related ops to CPU to improve perf.[m
[0;93m2026-06-09 20:49:38.309295889 [W:onnxruntime:, session_state.cc:1369 VerifyEachNodeIsAssignedToAnEp] Rerunning with verbose output on a non-minimal build will show node assignments.[m
load /home/jason/.cache/rtmlib/hub/checkpoints/yolox_x_8xb8-300e_humanart-a39d44ed.onnx with onnxruntime backend
[0;93m2026-06-09 20:49:38.451080158 [W:onnxruntime:, session_state.cc:1367 VerifyEachNodeIsAssignedToAnEp] Some nodes were not assigned to the preferred execution providers which may or may not have an negative impact on performance. e.g. ORT explicitly assigns shape related ops to CPU to improve perf.[m
[0;93m2026-06-09 20:49:38.451117542 [W:onnxruntime:, session_state.cc:1369 VerifyEachNodeIsAssignedToAnEp] Rerunning with verbose output on a non-minimal build will show node assignments.[m
load /home/jason/.cache/rtmlib/hub/checkpoints/rtmpose-x_simcc-body7_pt-body7_700e-384x288-71d7b7e9_20230629.onnx with onnxruntime backend
  new_impact=185  prev=185  delta=+0
  Saved: -09_201058_697_impact_NEW_fr185.jpg
